]0;~/Documents/Data/gggmap[?1034h6300L-127771-M:gggmap malishev$ [K6300L-127771-M:gggmap malishev$ ls -a
.
..
.DS_Store
.Rproj.user
BubbleMap150.png
Choropleth150.png
ConnectedMap150.png
DeducerSpatial.pdf
GoogleMaps
Interactive150.png
LocationHistory.csv
LocationHistory.json
MapHexbin150.png
README.md
amdam.csv
atlanta.osm
ayepeeeye.txt
cartography.png
geojsonio.png
ggmap- Spatial Visualization with ggplot2.pdf
ggmap.Rmd
ggmap.Rproj
ggmap.html
ggmap_cache
ggmap_files
ggmap_tute.pdf
melb.csv
pres
]0;~/Documents/Data/gggmap6300L-127771-M:gggmap malishev$ git init
Initialized empty Git repository in /Users/malishev/Documents/Data/gggmap/.git/
]0;~/Documents/Data/gggmap6300L-127771-M:gggmap malishev$ git add.[K .
]0;~/Documents/Data/gggmap6300L-127771-M:gggmap malishev$ git rest[Ket
]0;~/Documents/Data/gggmap6300L-127771-M:gggmap malishev$ git status
On branch master

Initial commit

Untracked files:
  (use "git add <file>..." to include in what will be committed)

	[31m.Rproj.user/[m
	[31mBubbleMap150.png[m
	[31mChoropleth150.png[m
	[31mConnectedMap150.png[m
	[31mDeducerSpatial.pdf[m
	[31mGoogleMaps/[m
	[31mInteractive150.png[m
	[31mLocationHistory.csv[m
	[31mLocationHistory.json[m
	[31mMapHexbin150.png[m
	[31mREADME.md[m
	[31mamdam.csv[m
	[31matlanta.osm[m
	[31mayepeeeye.txt[m
	[31mcartography.png[m
	[31mgeojsonio.png[m
	[31mggmap- Spatial Visualization with ggplot2.pdf[m
	[31mggmap.Rmd[m
	[31mggmap.Rproj[m
	[31mggmap.html[m
	[31mggmap_cache/[m
	[31mggmap_files/[m
	[31mggmap_tute.pdf[m
	[31mmelb.csv[m
	[31mpres/[m

nothing added to commit but untracked files present (use "git add" to track)
]0;~/Documents/Data/gggmap6300L-127771-M:gggmap malishev$ git [K[K[K[Kopen .giti[K[K[K[K[K[K[K[K[K[Ktouch .gitif[Kgnore
]0;~/Documents/Data/gggmap6300L-127771-M:gggmap malishev$ open .gitignore 
]0;~/Documents/Data/gggmap6300L-127771-M:gggmap malishev$ git add .
]0;~/Documents/Data/gggmap6300L-127771-M:gggmap malishev$ git commit -m ''r'e'[1P'[1P'n'e'w' 'l'o'a'l'[1P'[1P'c'a'l' 'r'e'[1P'[1P'n'e'w' 'r'e'm'o't'e' 'h'h'h'[1P'[1P'[1P'g'g'g'm'a'p'
[master (root-commit) 917a488] new local new remote gggmap
 53 files changed, 2316 insertions(+)
 create mode 100644 .Rproj.user/ABE7B653/console06/8298A910
 create mode 100644 .Rproj.user/ABE7B653/console06/8298A910.env
 create mode 100644 .Rproj.user/ABE7B653/console06/INDEX001
 create mode 100644 .Rproj.user/ABE7B653/sources/prop/E7F37FD4
 create mode 100644 .Rproj.user/ABE7B653/sources/prop/INDEX
 create mode 100644 .Rproj.user/ABE7B653/sources/s-4B55DA55/lock_file
 create mode 100644 .Rproj.user/ABE7B653/sources/s-AAA79910/A26B9E73
 create mode 100644 .Rproj.user/ABE7B653/sources/s-AAA79910/A26B9E73-contents
 create mode 100644 .Rproj.user/ABE7B653/sources/s-AAA79910/lock_file
 create mode 100644 .Rproj.user/shared/notebooks/patch-chunk-names
 create mode 100644 .Rproj.user/shared/notebooks/paths
 create mode 100644 .gitignore
 create mode 100644 BubbleMap150.png
 create mode 100644 Choropleth150.png
 create mode 100644 ConnectedMap150.png
 create mode 100755 GoogleMaps/Takeout/index.html
 create mode 100644 Interactive150.png
 create mode 100644 MapHexbin150.png
 create mode 100644 README.md
 create mode 100644 cartography.png
 create mode 100644 geojsonio.png
 create mode 100644 ggmap.Rmd
 create mode 100644 ggmap.Rproj
 create mode 100644 ggmap.html
 create mode 100644 ggmap_cache/html/__packages
 create mode 100644 ggmap_cache/html/load packages_1453cd83b3869cc95c01cd9b8ea041ae.RData
 create mode 100644 ggmap_cache/html/load packages_1453cd83b3869cc95c01cd9b8ea041ae.rdb
 create mode 100644 ggmap_cache/html/load packages_1453cd83b3869cc95c01cd9b8ea041ae.rdx
 create mode 100644 ggmap_cache/html/load packages_82a56cc918b5255454ea1b3004257b4a.RData
 create mode 100644 ggmap_cache/html/load packages_82a56cc918b5255454ea1b3004257b4a.rdb
 create mode 100644 ggmap_cache/html/load packages_82a56cc918b5255454ea1b3004257b4a.rdx
 create mode 100644 ggmap_cache/html/unnamed-chunk-3_693f9c442bd4ca5f020b9bf0aadd0d70.RData
 create mode 100644 ggmap_cache/html/unnamed-chunk-3_693f9c442bd4ca5f020b9bf0aadd0d70.rdb
 create mode 100644 ggmap_cache/html/unnamed-chunk-3_693f9c442bd4ca5f020b9bf0aadd0d70.rdx
 create mode 100644 ggmap_cache/latex/__packages
 create mode 100644 ggmap_cache/latex/load packages_1426b28169d3e62bb7b044ee3961b6ce.RData
 create mode 100644 ggmap_cache/latex/load packages_1426b28169d3e62bb7b044ee3961b6ce.rdb
 create mode 100644 ggmap_cache/latex/load packages_1426b28169d3e62bb7b044ee3961b6ce.rdx
 create mode 100644 ggmap_cache/latex/unnamed-chunk-3_f404b560c4f100cac03ddb8c1f87e45e.RData
 create mode 100644 ggmap_cache/latex/unnamed-chunk-3_f404b560c4f100cac03ddb8c1f87e45e.rdb
 create mode 100644 ggmap_cache/latex/unnamed-chunk-3_f404b560c4f100cac03ddb8c1f87e45e.rdx
 create mode 100644 ggmap_files/figure-html/unnamed-chunk-8-1.png
 create mode 100644 ggmap_files/figure-html/unnamed-chunk-8-2.png
 create mode 100644 ggmap_files/figure-html/unnamed-chunk-9-1.png
 create mode 100644 ggmap_files/figure-html/unnamed-chunk-9-2.png
 create mode 100644 ggmap_tute.pdf
 create mode 100644 pres/MM.pdf
 create mode 100644 pres/Screen Shot 2018-09-01 at 14.30.27.png
 create mode 100644 pres/Screen Shot 2018-09-01 at 14.32.49.png
 create mode 100644 pres/Screen Shot 2018-09-04 at 16.06.31.png
 create mode 100644 pres/Screen Shot 2018-09-04 at 16.09.31.png
 create mode 100644 pres/Screen Shot 2018-09-04 at 16.14.40.png
 create mode 100644 pres/Screen Shot 2018-09-14 at 12.10.40.png
]0;~/Documents/Data/gggmap6300L-127771-M:gggmap malishev$ git add origin master ""h"t"t"p"s":"/"/"g"i"t"h"u"b"."c"o"m"/"d"a"r"w"i"n"a"n"d"d"a"v" [A[C[C[C[C[C[C[C[C[C[C[C[C[C[C[C[C[C[C[C[C[C[C[C[C[C[C[C[C[C[C[C[C[C[C[C[C[C[C[C[C[C[C[C[C[C[C[C[C[C[C[C[C[C[C[C[C[C[C[C[C[C[C[C[C[C[C[C[C[C[C[C[C[C[C[C[C[C[C[C[C[C[C[C[C[Ci""s"/"g"g"g"m"a"p"
fatal: pathspec 'origin' did not match any files
]0;~/Documents/Data/gggmap6300L-127771-M:gggmap malishev$ git remove[K[K[Kote -b[Kv
]0;~/Documents/Data/gggmap6300L-127771-M:gggmap malishev$ git remote -v[K[Kadd origin ""h"t"t"p"s":"/"/"g"i"t"h"u"b"."c"o"m"/"d"a"r"w"i"n"a"n"d"d"a"v" [A[C[C[C[C[C[C[C[C[C[C[C[C[C[C[C[C[C[C[C[C[C[C[C[C[C[C[C[C[C[C[C[C[C[C[C[C[C[C[C[C[C[C[C[C[C[C[C[C[C[C[C[C[C[C[C[C[C[C[C[C[C[C[C[C[C[C[C[C[C[C[C[C[C[C[C[C[C[C[C[C[C[C[C[C[Ci""s"/"g"g"g"m"a"p"
]0;~/Documents/Data/gggmap6300L-127771-M:gggmap malishev$ git remote -v
origin	https://github.com/darwinanddavis/gggmap (fetch)
origin	https://github.com/darwinanddavis/gggmap (push)
]0;~/Documents/Data/gggmap6300L-127771-M:gggmap malishev$ git push[K[K[K[Kstatus
On branch master
Changes not staged for commit:
  (use "git add <file>..." to update what will be committed)
  (use "git checkout -- <file>..." to discard changes in working directory)

	[31mmodified:   .Rproj.user/ABE7B653/console06/8298A910[m

no changes added to commit (use "git add" and/or "git commit -a")
]0;~/Documents/Data/gggmap6300L-127771-M:gggmap malishev$ git add .
